{
  "input": {
    "type": "alias",
    "previousId": "previous-id",
    "userId": "user-id",
    "timestamp": "2014",
    "context": {
      "ip": "10.0.0.1"
    }
  },
  "output": {
    "type": "alias",
    "previousId": "previous-id",
    "timestamp": "2014-01-01T00:00:00.000Z",
    "userId": "user-id",
    "context": {
      "ip": "10.0.0.1"
    }
  }
}
